cargo : warning: use of 
deprecated method `soroban_sd
k::events::Events::publish`: 
use the #[contractevent] 
macro on a contract event 
type
At line:1 char:45
+ $env:Path += ";C:\Users\May
ank\.cargo\bin"; cargo test 
2>&1 | Out-Fil ...
+                            
                 
~~~~~~~~~~~~~~~
    + CategoryInfo           
   : NotSpecifi    ed: 
(warning: use     of...ract 
event ty    pe:String) [], 
Rem    oteException
    + FullyQualifiedEr    
rorId : NativeComm    
andError
 
  --> contracts\mini_reward\s
rc\lib.rs:29:14
   |
29 | ...   .publish((symbo...
   |        ^^^^^^^
   |
   = note: 
`#[warn(deprecated)]` on by 
default

   Compiling 
soroban-mini-reward-contract 
v0.0.0 (C:\Users\Mayank\Deskt
op\Stellar Projects\mini-stud
ent-reward\contracts\mini_rew
ard)
warning: `soroban-mini-reward
-contract` (lib) generated 1 
warning
warning: use of deprecated 
method `soroban_sdk::events::
Events::publish`: use the 
#[contractevent] macro on a 
contract event type
  --> contracts\mini_reward\s
rc\lib.rs:29:14
   |
29 |             .publish((sy
mbol_short!("reward"), 
teacher, student), reason);
   |              ^^^^^^^
   |
   = note: 
`#[warn(deprecated)]` on by 
default

warning: use of deprecated 
method `soroban_sdk::Env::reg
ister_stellar_asset_contract`
: use [Env::register_stellar_
asset_contract_v2]
  --> contracts\mini_reward\s
rc\test.rs:21:29
   |
21 |     let token_address = 
env.register_stellar_asset_co
ntract(admin.clone());
   |                         
    ^^^^^^^^^^^^^^^^^^^^^^^^^
^^^^^^

warning: use of deprecated 
method `soroban_sdk::Env::reg
ister_contract`: use 
`register`
  --> contracts\mini_reward\s
rc\test.rs:31:27
   |
31 |     let contract_id = 
env.register_contract(None, 
MiniRewardContract);
   |                         
  ^^^^^^^^^^^^^^^^^

error[E0599]: no method 
named `all` found for struct 
`soroban_sdk::events::Events`
 in the current scope
   --> contracts\mini_reward\
src\test.rs:45:31
    |
 45 |     let events = 
env.events().all();
    |                        
       ^^^ method not found 
in 
`soroban_sdk::events::Events`
    |
   ::: C:\Users\Mayank\.cargo
\registry\src\index.crates.io
-1949cf8c6b5b557f\soroban-sdk
-25.3.0\src\testutils.rs:543:
8
    |
543 |     fn all(&self) -> 
ContractEvents;
    |        --- the method 
is available for `soroban_sdk
::events::Events` here
    |
    = help: items from 
traits can only be used if 
the trait is in scope
help: trait `Events` which 
provides `all` is 
implemented but not in 
scope; perhaps you want to 
import it
    |
  2 + use soroban_sdk::testut
ils::Events;
    |

For more information about 
this error, try `rustc 
--explain E0599`.
warning: `soroban-mini-reward
-contract` (lib test) 
generated 3 warnings
error: could not compile `sor
oban-mini-reward-contract` 
(lib test) due to 1 previous 
error; 3 warnings emitted
